<?xml version="1.0" encoding="utf-8"?><testsuites name="pytest tests"><testsuite name="pytest" errors="0" failures="0" skipped="0" tests="221" time="85.391" timestamp="2026-09-23T14:44:00.331870+02:00" hostname="x260"><testcase classname="tests.test_app" name="test_task_form_can_hold_an_existing_task" time="0.003" /><testcase classname="tests.test_app" name="test_task_form_preserves_explicit_zero_estimate" time="1.561" /><testcase classname="tests.test_app" name="test_delete_confirmation_can_hold_a_task" time="0.001" /><testcase classname="tests.test_app" name="test_app_mounts_and_displays_pending_task" time="0.769" /><testcase classname="tests.test_app" name="test_task_row_shows_active_marker_tags_and_due_in_pending_view" time="0.001" /><testcase classname="tests.test_app" name="test_task_row_uses_view_specific_date" time="0.002" /><testcase classname="tests.test_app" name="test_task_row_has_no_active_marker_for_inactive_task" time="0.001" /><testcase classname="tests.test_app" name="test_table_uses_enriched_row_shape" time="0.872" /><testcase classname="tests.test_app" name="test_dependency_summary_resolves_known_tasks_and_reverse_links" time="0.002" /><testcase classname="tests.test_app" name="test_dependency_summary_keeps_unknown_dependencies_visible" time="0.002" /><testcase classname="tests.test_app" name="test_dependency_summary_reports_empty_neighborhood" time="0.002" /><testcase classname="tests.test_app" name="test_dependency_action_is_noop_with_empty_table" time="1.002" /><testcase classname="tests.test_app" name="test_dependency_key_opens_local_dependency_screen_without_refetch" time="1.759" /><testcase classname="tests.test_app" name="test_dependency_overview_builds_topological_layers" time="0.001" /><testcase classname="tests.test_app" name="test_dependency_overview_breaks_short_uuid_ties_with_full_uuid" time="0.001" /><testcase classname="tests.test_app" name="test_dependency_overview_reports_unresolved_dependencies" time="0.001" /><testcase classname="tests.test_app" name="test_dependency_overview_detects_cycles" time="0.001" /><testcase classname="tests.test_app" name="test_dependency_overview_does_not_misclassify_bridge_between_cycles" time="0.001" /><testcase classname="tests.test_app" name="test_dependency_overview_handles_empty_view" time="0.001" /><testcase classname="tests.test_app" name="test_dependency_overview_key_opens_local_screen_without_refetch" time="2.451" /><testcase classname="tests.test_app" name="test_dependency_overview_expands_external_dependencies_to_configured_depth" time="1.527" /><testcase classname="tests.test_app" name="test_dependency_expansion_error_is_rendered_without_opening_planning_screen" time="1.143" /><testcase classname="tests.test_app" name="test_critical_path_summary_computes_schedule_and_slack" time="0.004" /><testcase classname="tests.test_app" name="test_critical_path_summary_treats_missing_estimates_as_zero" time="0.003" /><testcase classname="tests.test_app" name="test_critical_path_summary_marks_milestones_and_deadline_pressure" time="0.004" /><testcase classname="tests.test_app" name="test_critical_path_summary_omits_deadline_pressure_without_calendar_anchor" time="0.002" /><testcase classname="tests.test_app" name="test_critical_path_summary_omits_deadline_pressure_with_anchor_but_no_due" time="0.010" /><testcase classname="tests.test_app" name="test_critical_path_summary_reports_unresolved_dependencies" time="0.001" /><testcase classname="tests.test_app" name="test_critical_path_summary_refuses_cycles_and_handles_empty_view" time="0.001" /><testcase classname="tests.test_app" name="test_critical_path_key_opens_local_screen_without_refetch" time="2.124" /><testcase classname="tests.test_app" name="test_gantt_summary_renders_dependency_schedule" time="0.002" /><testcase classname="tests.test_app" name="test_gantt_summary_marks_zero_estimates_and_unresolved_dependencies" time="0.001" /><testcase classname="tests.test_app" name="test_gantt_summary_refuses_cycles_and_handles_empty_view" time="0.001" /><testcase classname="tests.test_app" name="test_gantt_key_opens_local_screen_without_refetch" time="2.229" /><testcase classname="tests.test_app" name="test_planning_datetime_parses_taskwarrior_utc_and_rejects_unknown" time="0.002" /><testcase classname="tests.test_app" name="test_gantt_breaks_same_start_short_uuid_ties_with_full_uuid" time="0.004" /><testcase classname="tests.test_app" name="test_calendar_plan_respects_dependencies_scheduled_constraints_and_due" time="0.006" /><testcase classname="tests.test_app" name="test_calendar_plan_reports_unestimated_unresolved_and_invalid_due" time="0.006" /><testcase classname="tests.test_app" name="test_calendar_plan_requires_anchor_and_refuses_cycles" time="0.002" /><testcase classname="tests.test_app" name="test_calendar_plan_key_opens_local_screen_without_refetch" time="2.197" /><testcase classname="tests.test_app" name="test_constraints_summary_reports_scheduled_deadlines_and_lateness" time="0.003" /><testcase classname="tests.test_app" name="test_constraints_summary_handles_invalid_values_and_no_anchor" time="0.001" /><testcase classname="tests.test_app" name="test_constraints_summary_reports_cycles_and_empty_constraints" time="0.001" /><testcase classname="tests.test_app" name="test_constraints_key_opens_local_screen_without_refetch" time="1.907" /><testcase classname="tests.test_app" name="test_milestones_summary_lists_only_explicit_zero_estimates" time="0.001" /><testcase classname="tests.test_app" name="test_milestones_summary_handles_empty_cases" time="0.001" /><testcase classname="tests.test_app" name="test_milestones_key_opens_local_screen_without_refetch" time="1.826" /><testcase classname="tests.test_app" name="test_gantt_distinguishes_milestone_from_missing_estimate" time="0.001" /><testcase classname="tests.test_app" name="test_project_overview_does_not_count_milestones_as_unestimated" time="0.001" /><testcase classname="tests.test_app" name="test_project_overview_groups_current_view_deterministically" time="0.001" /><testcase classname="tests.test_app" name="test_project_overview_counts_active_tasks" time="0.001" /><testcase classname="tests.test_app" name="test_project_overview_sums_estimates_and_counts_missing" time="0.001" /><testcase classname="tests.test_app" name="test_project_overview_handles_empty_view" time="0.001" /><testcase classname="tests.test_app" name="test_project_overview_key_opens_local_screen_without_refetch" time="1.760" /><testcase classname="tests.test_app" name="test_selected_task_is_none_with_empty_table" time="0.756" /><testcase classname="tests.test_app" name="test_edit_key_opens_prefilled_task_form" time="1.709" /><testcase classname="tests.test_app" name="test_add_form_save_calls_client" time="2.050" /><testcase classname="tests.test_app" name="test_add_form_cancel_does_not_create_task" time="2.137" /><testcase classname="tests.test_app" name="test_add_error_is_rendered" time="1.906" /><testcase classname="tests.test_app" name="test_edit_form_save_calls_modify" time="2.446" /><testcase classname="tests.test_app" name="test_edit_form_cancel_does_not_modify" time="1.903" /><testcase classname="tests.test_app" name="test_edit_error_is_rendered" time="1.982" /><testcase classname="tests.test_app" name="test_empty_description_does_not_close_form" time="2.372" /><testcase classname="tests.test_app" name="test_form_ignores_unrelated_button" time="2.023" /><testcase classname="tests.test_app" name="test_inspect_success" time="0.954" /><testcase classname="tests.test_app" name="test_inspect_error_is_rendered" time="0.985" /><testcase classname="tests.test_app" name="test_delete_key_opens_confirmation_screen" time="1.786" /><testcase classname="tests.test_app" name="test_delete_confirmation_calls_client" time="1.812" /><testcase classname="tests.test_app" name="test_delete_cancel_does_not_call_client" time="1.775" /><testcase classname="tests.test_app" name="test_delete_error_is_rendered" time="2.328" /><testcase classname="tests.test_app" name="test_lifecycle_keys_call_client_with_short_uuid" time="1.588" /><testcase classname="tests.test_app" name="test_backend_error_is_rendered_in_details" time="1.141" /><testcase classname="tests.test_app" name="test_sync_error_is_rendered" time="1.317" /><testcase classname="tests.test_app" name="test_view_error_does_not_crash_app" time="1.136" /><testcase classname="tests.test_app" name="test_numeric_keys_switch_views_and_refresh" time="1.755" /><testcase classname="tests.test_app" name="test_search_matches_description_project_and_tags_case_insensitively" time="0.001" /><testcase classname="tests.test_app" name="test_sort_cycle_breaks_short_uuid_ties_with_full_uuid[urgency]" time="0.002" /><testcase classname="tests.test_app" name="test_sort_cycle_breaks_short_uuid_ties_with_full_uuid[when]" time="0.001" /><testcase classname="tests.test_app" name="test_sort_cycle_breaks_short_uuid_ties_with_full_uuid[project]" time="0.002" /><testcase classname="tests.test_app" name="test_sort_cycle_breaks_short_uuid_ties_with_full_uuid[priority]" time="0.001" /><testcase classname="tests.test_app" name="test_sort_cycle_is_deterministic" time="0.002" /><testcase classname="tests.test_app" name="test_search_key_opens_search_form_and_enter_filters_locally" time="2.304" /><testcase classname="tests.test_app" name="test_empty_search_restores_full_current_view_without_refetch" time="0.974" /><testcase classname="tests.test_app" name="test_escape_in_search_restores_full_current_view" time="2.712" /><testcase classname="tests.test_app" name="test_sort_key_cycles_locally_without_refetch" time="1.801" /><testcase classname="tests.test_app" name="test_dependency_marker_reflects_unresolved_dependencies" time="0.002" /><testcase classname="tests.test_app" name="test_project_filter_is_exact_and_case_insensitive" time="0.002" /><testcase classname="tests.test_app" name="test_blocked_filter_toggles_locally_without_refetch" time="1.285" /><testcase classname="tests.test_app" name="test_escape_in_project_filter_clears_filter" time="2.645" /><testcase classname="tests.test_app" name="test_project_filter_form_applies_and_clears_locally" time="3.539" /><testcase classname="tests.test_app" name="test_local_filters_combine_and_status_describes_state" time="0.991" /><testcase classname="tests.test_app" name="test_tag_filter_is_exact_and_case_insensitive" time="0.001" /><testcase classname="tests.test_app" name="test_tag_filter_form_applies_and_clears_locally" time="2.887" /><testcase classname="tests.test_app" name="test_active_filter_toggles_locally_without_refetch" time="1.674" /><testcase classname="tests.test_app" name="test_clear_local_state_resets_all_filters_and_sort_without_refetch" time="1.092" /><testcase classname="tests.test_app" name="test_status_describes_tag_and_active_filters" time="0.792" /><testcase classname="tests.test_app" name="test_view_change_refetches_then_reapplies_search_and_sort" time="1.000" /><testcase classname="tests.test_app" name="test_run_launches_application" time="0.004" /><testcase classname="tests.test_config" name="test_planning_settings_defaults_match_defined_global_semantics" time="0.001" /><testcase classname="tests.test_config" name="test_planning_settings_accept_supported_timezone_names[local]" time="0.001" /><testcase classname="tests.test_config" name="test_planning_settings_accept_supported_timezone_names[UTC]" time="0.001" /><testcase classname="tests.test_config" name="test_planning_settings_accept_supported_timezone_names[Europe/Paris]" time="0.001" /><testcase classname="tests.test_config" name="test_planning_settings_rejects_unknown_timezone" time="0.002" /><testcase classname="tests.test_config" name="test_planning_settings_rejects_invalid_workdays[workdays0]" time="0.002" /><testcase classname="tests.test_config" name="test_planning_settings_rejects_invalid_workdays[workdays1]" time="0.002" /><testcase classname="tests.test_config" name="test_planning_settings_rejects_invalid_workdays[workdays2]" time="0.002" /><testcase classname="tests.test_config" name="test_planning_settings_rejects_invalid_work_periods[work_periods0]" time="0.001" /><testcase classname="tests.test_config" name="test_planning_settings_rejects_invalid_work_periods[work_periods1]" time="0.002" /><testcase classname="tests.test_config" name="test_planning_settings_rejects_invalid_work_periods[work_periods2]" time="0.001" /><testcase classname="tests.test_config" name="test_planning_settings_rejects_invalid_work_periods[work_periods3]" time="0.002" /><testcase classname="tests.test_config" name="test_planning_settings_accepts_configurable_holidays" time="0.002" /><testcase classname="tests.test_config" name="test_planning_settings_rejects_invalid_holiday" time="0.002" /><testcase classname="tests.test_config" name="test_planning_settings_accepts_dependency_depth_modes[-1]" time="0.002" /><testcase classname="tests.test_config" name="test_planning_settings_accepts_dependency_depth_modes[0]" time="0.002" /><testcase classname="tests.test_config" name="test_planning_settings_accepts_dependency_depth_modes[1]" time="0.002" /><testcase classname="tests.test_config" name="test_planning_settings_accepts_dependency_depth_modes[10]" time="0.003" /><testcase classname="tests.test_config" name="test_planning_settings_rejects_dependency_depth_below_unlimited_sentinel" time="0.001" /><testcase classname="tests.test_config" name="test_planning_settings_accepts_unlimited_or_positive_capacity[None]" time="0.001" /><testcase classname="tests.test_config" name="test_planning_settings_accepts_unlimited_or_positive_capacity[1]" time="0.001" /><testcase classname="tests.test_config" name="test_planning_settings_accepts_unlimited_or_positive_capacity[2]" time="0.002" /><testcase classname="tests.test_config" name="test_planning_settings_accepts_unlimited_or_positive_capacity[8]" time="0.002" /><testcase classname="tests.test_config" name="test_planning_settings_rejects_nonpositive_capacity[0]" time="0.002" /><testcase classname="tests.test_config" name="test_planning_settings_rejects_nonpositive_capacity[-1]" time="0.002" /><testcase classname="tests.test_config" name="test_working_calendar_interprets_periods_in_configured_timezone" time="0.002" /><testcase classname="tests.test_config" name="test_working_calendar_adds_local_work_hours_and_returns_utc" time="0.003" /><testcase classname="tests.test_config" name="test_working_calendar_rejects_dst_ambiguous_or_nonexistent_period_boundaries[2026-03-29]" time="0.002" /><testcase classname="tests.test_config" name="test_working_calendar_rejects_dst_ambiguous_or_nonexistent_period_boundaries[2026-10-25]" time="0.002" /><testcase classname="tests.test_config" name="test_working_calendar_recognizes_work_periods_and_holidays" time="0.002" /><testcase classname="tests.test_config" name="test_working_calendar_moves_to_next_valid_work_instant" time="0.002" /><testcase classname="tests.test_config" name="test_working_calendar_adds_hours_across_breaks_and_weekends" time="0.002" /><testcase classname="tests.test_config" name="test_working_calendar_zero_duration_keeps_valid_instant_and_normalizes_invalid_one" time="0.001" /><testcase classname="tests.test_config" name="test_working_calendar_rejects_negative_work_duration" time="0.001" /><testcase classname="tests.test_config" name="test_working_calendar_date_deadline_is_end_of_last_work_period" time="0.001" /><testcase classname="tests.test_config" name="test_working_calendar_rejects_nonworking_date_deadline" time="0.001" /><testcase classname="tests.test_config" name="test_planning_settings_requires_workdays_and_work_periods" time="0.001" /><testcase classname="tests.test_main" name="test_main_delegates_to_app_run" time="0.002" /><testcase classname="tests.test_main" name="test_module_execution_calls_run" time="0.002" /><testcase classname="tests.test_models" name="test_task_from_export" time="0.002" /><testcase classname="tests.test_models" name="test_task_defaults_for_optional_metadata" time="0.001" /><testcase classname="tests.test_models" name="test_completed_task_is_not_active_even_with_start" time="0.001" /><testcase classname="tests.test_models" name="test_format_taskwarrior_datetime_empty_value" time="0.001" /><testcase classname="tests.test_models" name="test_format_taskwarrior_datetime_preserves_unknown_values" time="0.001" /><testcase classname="tests.test_models" name="test_format_taskwarrior_datetime_keeps_time_when_present" time="0.001" /><testcase classname="tests.test_models" name="test_estimate_is_coerced_from_export_string" time="0.001" /><testcase classname="tests.test_models" name="test_explicit_zero_estimate_is_a_milestone" time="0.001" /><testcase classname="tests.test_models" name="test_positive_direct_estimate_counts_as_defined" time="0.001" /><testcase classname="tests.test_models" name="test_invalid_or_negative_export_estimate_is_treated_as_missing[None]" time="0.002" /><testcase classname="tests.test_models" name="test_invalid_or_negative_export_estimate_is_treated_as_missing[]" time="0.001" /><testcase classname="tests.test_models" name="test_invalid_or_negative_export_estimate_is_treated_as_missing[not-a-number]" time="0.002" /><testcase classname="tests.test_models" name="test_invalid_or_negative_export_estimate_is_treated_as_missing[-1]" time="0.001" /><testcase classname="tests.test_models" name="test_invalid_or_negative_export_estimate_is_treated_as_missing[-2.5]" time="0.001" /><testcase classname="tests.test_planning" name="test_build_planning_graph_resolves_edges_and_orders_deterministically" time="0.001" /><testcase classname="tests.test_planning" name="test_build_planning_graph_uses_full_uuid_to_break_short_uuid_ties" time="0.001" /><testcase classname="tests.test_planning" name="test_build_planning_graph_classifies_bridge_between_cycles_exactly" time="0.001" /><testcase classname="tests.test_planning" name="test_build_planning_graph_treats_self_dependency_as_cycle" time="0.001" /><testcase classname="tests.test_planning" name="test_build_planning_graph_keeps_external_dependencies_visible" time="0.002" /><testcase classname="tests.test_planning" name="test_build_planning_graph_reports_cycles_without_crashing" time="0.001" /><testcase classname="tests.test_planning" name="test_build_planning_graph_handles_empty_input" time="0.001" /><testcase classname="tests.test_planning" name="test_build_relative_schedule_computes_cpm_values" time="0.001" /><testcase classname="tests.test_planning" name="test_build_relative_schedule_handles_independent_and_zero_duration_tasks" time="0.001" /><testcase classname="tests.test_planning" name="test_build_relative_schedule_returns_none_for_cycles" time="0.001" /><testcase classname="tests.test_planning" name="test_build_relative_schedule_handles_empty_graph" time="0.001" /><testcase classname="tests.test_planning" name="test_parse_taskwarrior_datetime_accepts_utc_and_rejects_unknown" time="0.001" /><testcase classname="tests.test_planning" name="test_build_absolute_schedule_applies_dependencies_scheduled_and_due" time="0.003" /><testcase classname="tests.test_planning" name="test_build_absolute_schedule_uses_configured_working_periods" time="0.002" /><testcase classname="tests.test_planning" name="test_build_absolute_schedule_uses_configured_timezone_for_working_hours" time="0.002" /><testcase classname="tests.test_planning" name="test_build_absolute_schedule_flags_scheduled_outside_working_calendar" time="0.002" /><testcase classname="tests.test_planning" name="test_build_absolute_schedule_treats_midnight_due_as_end_of_workday" time="0.002" /><testcase classname="tests.test_planning" name="test_build_absolute_schedule_flags_exact_due_outside_working_calendar" time="0.002" /><testcase classname="tests.test_planning" name="test_build_absolute_schedule_tracks_invalid_due_and_no_anchor" time="0.003" /><testcase classname="tests.test_planning" name="test_build_absolute_schedule_skips_dependents_of_invalid_scheduled_task" time="0.004" /><testcase classname="tests.test_planning" name="test_build_absolute_schedule_flags_date_only_due_on_nonworking_day" time="0.004" /><testcase classname="tests.test_planning" name="test_build_absolute_schedule_returns_none_for_cycles" time="0.001" /><testcase classname="tests.test_taskwarrior" name="test_pending_parses_export" time="0.002" /><testcase classname="tests.test_taskwarrior" name="test_export_rejects_invalid_json" time="0.002" /><testcase classname="tests.test_taskwarrior" name="test_export_rejects_non_array_json" time="0.002" /><testcase classname="tests.test_taskwarrior" name="test_lifecycle_commands_use_uuid_prefix" time="0.002" /><testcase classname="tests.test_taskwarrior" name="test_information_uses_uuid_prefix" time="0.001" /><testcase classname="tests.test_taskwarrior" name="test_add_builds_attributes" time="0.002" /><testcase classname="tests.test_taskwarrior" name="test_add_omits_empty_attributes" time="0.002" /><testcase classname="tests.test_taskwarrior" name="test_modify_replaces_editable_fields" time="0.002" /><testcase classname="tests.test_taskwarrior" name="test_modify_can_clear_optional_fields" time="0.002" /><testcase classname="tests.test_taskwarrior" name="test_client_uses_environment_override" time="0.002" /><testcase classname="tests.test_taskwarrior" name="test_client_uses_path_when_no_override" time="0.001" /><testcase classname="tests.test_taskwarrior" name="test_client_errors_when_task_is_missing" time="0.001" /><testcase classname="tests.test_taskwarrior" name="test_run_returns_stdout" time="0.001" /><testcase classname="tests.test_taskwarrior" name="test_run_raises_on_nonzero_exit" time="0.002" /><testcase classname="tests.test_taskwarrior" name="test_run_wraps_oserror" time="0.001" /><testcase classname="tests.test_taskwarrior" name="test_expand_dependencies_respects_depth_and_fetches_only_missing_tasks" time="0.001" /><testcase classname="tests.test_taskwarrior" name="test_expand_dependencies_unlimited_stops_on_cycles_duplicates_and_missing_tasks" time="0.001" /><testcase classname="tests.test_taskwarrior" name="test_named_views_map_to_explicit_taskwarrior_filters[pending-status:pending]" time="0.002" /><testcase classname="tests.test_taskwarrior" name="test_named_views_map_to_explicit_taskwarrior_filters[waiting-status:waiting]" time="0.002" /><testcase classname="tests.test_taskwarrior" name="test_named_views_map_to_explicit_taskwarrior_filters[completed-status:completed]" time="0.002" /><testcase classname="tests.test_taskwarrior" name="test_named_views_map_to_explicit_taskwarrior_filters[deleted-status:deleted]" time="0.002" /><testcase classname="tests.test_taskwarrior" name="test_named_views_map_to_explicit_taskwarrior_filters[scheduled-+SCHEDULED]" time="0.002" /><testcase classname="tests.test_taskwarrior" name="test_unknown_view_is_rejected" time="0.001" /><testcase classname="tests.test_taskwarrior" name="test_tag_parser_trims_deduplicates_and_preserves_order" time="0.001" /><testcase classname="tests.test_taskwarrior" name="test_tag_delta_does_not_touch_unchanged_tags" time="0.001" /><testcase classname="tests.test_taskwarrior" name="test_udas_parses_helper_output" time="0.001" /><testcase classname="tests.test_taskwarrior" name="test_add_estimate_requires_configured_uda" time="0.001" /><testcase classname="tests.test_taskwarrior" name="test_add_estimate_uses_configured_uda" time="0.001" /><testcase classname="tests.test_taskwarrior" name="test_modify_without_estimate_uda_does_not_touch_estimate" time="0.001" /><testcase classname="tests.test_taskwarrior" name="test_modify_with_estimate_uda_can_clear_estimate" time="0.001" /><testcase classname="tests.test_taskwarrior" name="test_modify_nonempty_estimate_requires_configured_uda" time="0.001" /><testcase classname="tests.test_taskwarrior" name="test_udas_result_is_cached" time="0.001" /><testcase classname="tests.test_taskwarrior" name="test_add_rejects_invalid_estimate_values[nope]" time="0.002" /><testcase classname="tests.test_taskwarrior" name="test_add_rejects_invalid_estimate_values[-1]" time="0.002" /><testcase classname="tests.test_taskwarrior" name="test_add_rejects_invalid_estimate_values[-0.5]" time="0.002" /><testcase classname="tests.test_taskwarrior" name="test_add_rejects_invalid_estimate_values[nan]" time="0.002" /><testcase classname="tests.test_taskwarrior" name="test_add_rejects_invalid_estimate_values[inf]" time="0.001" /><testcase classname="tests.test_taskwarrior" name="test_add_rejects_invalid_estimate_values[-inf]" time="0.001" /><testcase classname="tests.test_taskwarrior" name="test_modify_rejects_invalid_estimate_values[nope]" time="0.002" /><testcase classname="tests.test_taskwarrior" name="test_modify_rejects_invalid_estimate_values[-1]" time="0.001" /><testcase classname="tests.test_taskwarrior" name="test_modify_rejects_invalid_estimate_values[-0.5]" time="0.001" /><testcase classname="tests.test_taskwarrior" name="test_modify_rejects_invalid_estimate_values[nan]" time="0.001" /><testcase classname="tests.test_taskwarrior" name="test_modify_rejects_invalid_estimate_values[inf]" time="0.001" /><testcase classname="tests.test_taskwarrior" name="test_modify_rejects_invalid_estimate_values[-inf]" time="0.001" /><testcase classname="tests.test_taskwarrior" name="test_valid_nonnegative_estimates_are_forwarded[0]" time="0.001" /><testcase classname="tests.test_taskwarrior" name="test_valid_nonnegative_estimates_are_forwarded[0.0]" time="0.002" /><testcase classname="tests.test_taskwarrior" name="test_valid_nonnegative_estimates_are_forwarded[1]" time="0.001" /><testcase classname="tests.test_taskwarrior" name="test_valid_nonnegative_estimates_are_forwarded[2.5]" time="0.001" /></testsuite></testsuites>